<!-- -*- mode: jinja2 -*- -->

<!DOCTYPE html>
<html lang="en">
  <head>
    <meta charset="utf-8">
    <meta http-equiv="X-UA-Compatible" content="IE=edge">
    <meta name="viewport" content="width=device-width, initial-scale=1">
      <meta name="description" content="collection of modules for unit testing and logging and messaging">
    <meta name="author" content="John S. Urban" >
    <link rel="icon" href="../favicon.png">

    <title>unit_test_expected &ndash; M_framework</title>

    <!-- Bootstrap -->
    <link href="https://cdn.jsdelivr.net/npm/bootstrap@5.3.3/dist/css/bootstrap.min.css" rel="stylesheet"
          integrity="sha384-QWTKZyjpPEjISv5WaRU9OFeRpok6YctnYmDr5pNlyT2bRjXh0JMhjY6hW+ALEwIH" crossorigin="anonymous">
    <script src="https://cdn.jsdelivr.net/npm/bootstrap@5.3.3/dist/js/bootstrap.bundle.min.js"
            integrity="sha384-YvpcrYf0tY3lHB60NNkmXc5s9fDVZLESaAA55NDzOxhy9GkcIdslK1eN7N6jIeHz" crossorigin="anonymous"></script>
    <!-- Font Awesome -->
    <link href="../css/fontawesome.min.css" rel="stylesheet">
    <link href="../css/brands.min.css" rel="stylesheet">
    <link href="../css/regular.min.css" rel="stylesheet">
    <link href="../css/solid.min.css" rel="stylesheet">
    <link href="../css/v4-font-face.min.css" rel="stylesheet">
    <link href="../css/v4-shims.min.css" rel="stylesheet">
    <!-- MathJax -->
    <script type="text/x-mathjax-config">
      MathJax.Hub.Config({
        TeX: { equationNumbers: { autoNumber: "AMS" } }
      });
    </script>
    <script src="https://cdn.jsdelivr.net/npm/mathjax@2.7.9/MathJax.js?config=TeX-AMS-MML_HTMLorMML" async
            integrity="sha256-DViIOMYdwlM/axqoGDPeUyf0urLoHMN4QACBKyB58Uw=" crossorigin="anonymous"></script>
    <!-- Other scripts and stylesheets -->
    <link href="../css/local.css" rel="stylesheet">
    <link href="../css/pygments.css" rel="stylesheet">
    <script src="../js/svg-pan-zoom.min.js"></script>
  </head>

  <body>

    <!-- Fixed navbar -->
    <div class="container-fluid mb-sm-4 mb-xl-2">
      <nav class="navbar navbar-expand-lg navbar-dark bg-dark fixed-top">
        <div class="container">
          <a class="navbar-brand" href="../index.html">M_framework </a>
          <button type="button" class="navbar-toggler" data-bs-toggle="collapse" data-bs-target="#navbar"
                  aria-expanded="false" aria-controls="navbar" aria-label="Toggle navigation">
                  <span class="navbar-toggler-icon">
          </button>

          <div id="navbar" class="navbar-collapse collapse">
            <ul class="navbar-nav">
                  <li class="nav-item">
                    <a class="nav-link" href="../lists/files.html">Source Files</a>
                  </li>
                <li class="nav-item">
                  <a class="nav-link" href="../lists/modules.html">Modules</a>
                </li>
                <li class="nav-item">
                  <a class="nav-link" href="../lists/procedures.html">Procedures</a>
                </li>
                <li class="nav-item">
                  <a class="nav-link" href="../lists/types.html">Derived Types</a>
                </li>
                <li class="nav-item">
                  <a class="nav-link" href="../lists/namelists.html">Namelists</a>
                </li>
                <li class="nav-item">
                  <a class="nav-link" href="../lists/programs.html">Programs</a>
                </li>
            </ul>
              <div class="d-flex align-items-end flex-grow-1">
                <form action="../search.html" role="search" class="ms-auto">
                  <input type="text" class="form-control" aria-label="Search" placeholder="Search" name="q" id="tipue_search_input" autocomplete="off" required>
                </form>
              </div>
          </div><!--/.nav-collapse -->
        </div>
      </nav>
    </div>

    <div class="container">
  <div class="row">
    <h1>unit_test_expected
      <small>Interface</small>
      
    </h1>
      <div class="container p-2 mb-4 bg-light border rounded-3">
    <div class="row align-items-center justify-content-between" id="info-bar">
      <div class="col">
        <ul class="list-inline" style="margin-bottom:0px;display:inline">

            <li class="list-inline-item" id="statements"><i class="fa fa-list-ol"></i>
              <a data-bs-toggle="tooltip" data-bs-placement="bottom" data-bs-html="true"
                 title="<p> 0.7% of total for procedures.</p>Including implementation: 56 statements,  3.4% of total for procedures.">11 statements</a>
            </li>

            <li class="list-inline-item" id="source-file">
              <i class="fa fa-code"></i>
              <a href="../src/M_framework__verify.F90"> Source File</a>
            </li>
        </ul>
      </div>
      <div class="col">
        <nav aria-label="breadcrumb">
          <ol class="breadcrumb justify-content-end mb-0">
                <li class="breadcrumb-item"><a href='../sourcefile/m_framework__verify.f90.html'>M_framework__verify.F90</a></li>
                <li class="breadcrumb-item"><a href='../module/m_framework__verify.html'>M_framework__verify</a></li>
            <li class="breadcrumb-item active" aria-current="page">unit_test_expected</li>
          </ol>
        </nav>
      </div>
    </div>
  </div>
  <script>
    // Enable Bootstrap tooltips
    (function () {
      const tooltipTriggerList = document.querySelectorAll('[data-bs-toggle="tooltip"]')
      const tooltipList = [...tooltipTriggerList].map(tooltipTriggerEl => new bootstrap.Tooltip(tooltipTriggerEl))
    })();
  </script>

  </div>

  <div class="row">
    <div class="col-md-3 hidden-xs hidden-sm visible-md visible-lg">
        <div id="sidebar">
      <h3>Contents</h3>
  
  
  
  
  
  
  
  
  
  
  
  
  
  
  
  
  
  
      <div class="card mb-4">
      <a data-bs-toggle="collapse" href="#modprocs-0"
         aria-expanded="false" aria-controls="modprocs-0">
         <h4 class="card-header bg-primary text-white">Module Procedures</h4>
      </a>
      <div id="modprocs-0" class="collapse">
        <div class="list-group list-group-flush">
            <a class="list-group-item" href="../interface/unit_test_expected.html#moduleprocedure-unit_test_expected_int32">unit_test_expected_int32</a>
            <a class="list-group-item" href="../interface/unit_test_expected.html#moduleprocedure-unit_test_expected_int64">unit_test_expected_int64</a>
            <a class="list-group-item" href="../interface/unit_test_expected.html#moduleprocedure-unit_test_expected_char">unit_test_expected_char</a>
            <a class="list-group-item" href="../interface/unit_test_expected.html#moduleprocedure-unit_test_expected_boolean">unit_test_expected_boolean</a>
            <a class="list-group-item" href="../interface/unit_test_expected.html#moduleprocedure-unit_test_expected_onoff">unit_test_expected_onoff</a>
            <a class="list-group-item" href="../interface/unit_test_expected.html#moduleprocedure-unit_test_expected_real32">unit_test_expected_real32</a>
            <a class="list-group-item" href="../interface/unit_test_expected.html#moduleprocedure-unit_test_expected_real64">unit_test_expected_real64</a>
            <a class="list-group-item" href="../interface/unit_test_expected.html#moduleprocedure-unit_test_expected_cmplx32">unit_test_expected_cmplx32</a>
            <a class="list-group-item" href="../interface/unit_test_expected.html#moduleprocedure-unit_test_expected_cmplx64">unit_test_expected_cmplx64</a>
        </div>
      </div>
    </div>

  


  </div>

    </div>

    <div class="col-md-9" id='text'>
      <h2>public interface unit_test_expected</h2>
      



        <h2>Module Procedures</h2>
            <div class="card">
    <div class="card-header codesum"><span class="anchor" id="proc-unit_test_expected_int32"></span> <h3>private impure elemental subroutine unit_test_expected_int32(name, result, expected)  
</h3></div>
    <div class="card-body">
        <h2 id="name">NAME</h2>
<div class="codehilite"><pre><span></span><code><span class="n">unit_test_expected</span><span class="p">(</span><span class="mi">3</span><span class="n">f</span><span class="p">)</span><span class="w"> </span><span class="o">-</span><span class="w"> </span><span class="o">[</span><span class="n">M_framework__verify</span><span class="o">]</span><span class="w"> </span><span class="n">report</span><span class="w"> </span><span class="k">if</span><span class="w"> </span><span class="n">two</span><span class="w"> </span><span class="n">scalar</span><span class="w"> </span><span class="k">values</span><span class="w"></span>
<span class="k">of</span><span class="w"> </span><span class="ow">like</span><span class="w"> </span><span class="n">type</span><span class="w"> </span><span class="ow">and</span><span class="w"> </span><span class="n">kind</span><span class="w"> </span><span class="k">are</span><span class="w"> </span><span class="n">equal</span><span class="p">.</span><span class="w"></span>
<span class="p">(</span><span class="nl">LICENSE</span><span class="p">:</span><span class="n">PD</span><span class="p">)</span><span class="w"></span>
</code></pre></div>

<h2 id="synopsis">SYNOPSIS</h2>
<div class="codehilite"><pre><span></span><code>impure elemental subroutine unit_test_example(name,result,expected)

 character(len=*),intent(in)  :: name
 class(*),intent(in)          :: result
 class(*),intent(in),optional :: expected
</code></pre></div>

<h2 id="description">DESCRIPTION</h2>
<div class="codehilite"><pre><span></span><code><span class="nv">A</span> <span class="nv">shortcut</span> <span class="k">for</span> <span class="nv">a</span> <span class="nv">common</span> <span class="k">call</span> <span class="nl">to</span> <span class="nv">unit_test</span><span class="ss">(</span><span class="mi">3</span><span class="nv">f</span><span class="ss">)</span> <span class="nv">tests</span> <span class="nv">the</span> <span class="nv">two</span> <span class="nv">values</span>
<span class="nv">of</span> <span class="nv">like</span> <span class="nv">type</span> <span class="nv">and</span> <span class="nv">kind</span>. <span class="nv">It</span> <span class="nv">is</span> <span class="nv">equivalent</span> <span class="nv">to</span>

    <span class="k">call</span> <span class="nl">unit_test</span><span class="ss">(</span><span class="nv">name</span>,<span class="nb">result</span>,<span class="nv">expected</span>,<span class="s1">&#39;</span><span class="s">result=</span><span class="s1">&#39;</span>,<span class="nb">result</span>,<span class="s1">&#39;</span><span class="s">expected=</span><span class="s1">&#39;</span>,.<span class="nv">true</span>.<span class="ss">)</span>
</code></pre></div>

<h2 id="options">OPTIONS</h2>
<div class="codehilite"><pre><span></span><code> <span class="nb">RESULT</span>    <span class="nv">A</span> <span class="nv">generated</span> <span class="nv">value</span> <span class="nv">or</span> <span class="nv">expression</span> <span class="nv">of</span> <span class="nv">integer</span>, <span class="nv">real</span>, <span class="nv">character</span>,
           <span class="nv">or</span> <span class="nv">complex</span> <span class="nv">type</span>.
 <span class="nv">EXPECTED</span>  <span class="nv">The</span> <span class="nv">expected</span> <span class="nv">value</span> <span class="k">for</span> <span class="nb">RESULT</span>, <span class="nv">of</span> <span class="nv">the</span> <span class="nv">same</span> <span class="nv">type</span> <span class="nv">and</span> <span class="nv">kind</span>
           <span class="nv">as</span> <span class="nb">RESULT</span>. <span class="k">If</span> <span class="nv">not</span> <span class="nv">present</span>, <span class="nv">it</span> <span class="nv">is</span> <span class="nv">equivalent</span> <span class="nv">to</span> .<span class="nv">TRUE</span>.
</code></pre></div>

<h2 id="examples">EXAMPLES</h2>
<p>Sample program:</p>
<div class="codehilite"><pre><span></span><code><span class="w">   </span><span class="n">program</span><span class="w"> </span><span class="n">demo_unit_test_expected</span><span class="w"></span>
<span class="w">   </span><span class="k">use</span><span class="p">,</span><span class="w"> </span><span class="n">intrinsic</span><span class="w"> </span><span class="o">::</span><span class="w"> </span><span class="n">iso_fortran_env</span><span class="p">,</span><span class="w"> </span><span class="k">only</span><span class="err">:</span><span class="w"> </span><span class="o">&amp;</span><span class="w"></span>
<span class="w">   </span><span class="o">&amp;</span><span class="w"> </span><span class="n">stdin</span><span class="w"> </span><span class="o">=&gt;</span><span class="w"> </span><span class="n">input_unit</span><span class="p">,</span><span class="w"> </span><span class="n">stdout</span><span class="w"> </span><span class="o">=&gt;</span><span class="w"> </span><span class="n">output_unit</span><span class="p">,</span><span class="w"> </span><span class="n">stderr</span><span class="w"> </span><span class="o">=&gt;</span><span class="w"> </span><span class="n">error_unit</span><span class="w"></span>
<span class="w">   </span><span class="k">use</span><span class="w"> </span><span class="n">M_framework</span><span class="p">,</span><span class="w"> </span><span class="k">only</span><span class="err">:</span><span class="w">                </span><span class="o">&amp;</span><span class="w"></span>
<span class="w">   </span><span class="o">&amp;</span><span class="w">  </span><span class="n">unit_test_mode</span><span class="p">,</span><span class="w">                    </span><span class="o">&amp;</span><span class="w"></span>
<span class="w">   </span><span class="o">&amp;</span><span class="w">  </span><span class="k">start</span><span class="w">     </span><span class="o">=&gt;</span><span class="w">  </span><span class="n">unit_test_start</span><span class="p">,</span><span class="w">     </span><span class="o">&amp;</span><span class="w"></span>
<span class="w">   </span><span class="o">&amp;</span><span class="w">  </span><span class="n">expected</span><span class="w">  </span><span class="o">=&gt;</span><span class="w">  </span><span class="n">unit_test_expected</span><span class="p">,</span><span class="w">  </span><span class="o">&amp;</span><span class="w"></span>
<span class="w">   </span><span class="o">&amp;</span><span class="w">  </span><span class="n">stop</span><span class="w">      </span><span class="o">=&gt;</span><span class="w">  </span><span class="n">unit_test_stop</span><span class="p">,</span><span class="w">      </span><span class="o">&amp;</span><span class="w"></span>
<span class="w">   </span><span class="o">&amp;</span><span class="w"> </span><span class="n">unit_test_level</span><span class="w"> </span><span class="err">!</span><span class="w"> </span><span class="p">,</span><span class="w"> </span><span class="n">unit_test_flags</span><span class="w"></span>
<span class="w">   </span><span class="n">implicit</span><span class="w"> </span><span class="k">none</span><span class="w"></span>
<span class="w">   </span><span class="n">logical</span><span class="p">,</span><span class="w"> </span><span class="k">parameter</span><span class="w"> </span><span class="o">::</span><span class="w"> </span><span class="n">T</span><span class="o">=</span><span class="p">.</span><span class="k">true</span><span class="p">.,</span><span class="w"> </span><span class="n">F</span><span class="o">=</span><span class="p">.</span><span class="k">false</span><span class="p">.</span><span class="w"></span>
<span class="w">   </span><span class="err">!</span><span class="w"> </span><span class="n">optional</span><span class="w"> </span><span class="k">call</span><span class="w"> </span><span class="k">to</span><span class="w"> </span><span class="n">change</span><span class="w"> </span><span class="k">default</span><span class="w"> </span><span class="n">modes</span><span class="w"></span>
<span class="w">      </span><span class="k">call</span><span class="w"> </span><span class="n">unit_test_mode</span><span class="p">(</span><span class="w">  </span><span class="o">&amp;</span><span class="w"></span>
<span class="w">          </span><span class="n">keep_going</span><span class="o">=</span><span class="n">T</span><span class="p">,</span><span class="w">     </span><span class="o">&amp;</span><span class="w"></span>
<span class="w">          </span><span class="n">flags</span><span class="o">=[</span><span class="n">0</span><span class="o">]</span><span class="p">,</span><span class="w">        </span><span class="o">&amp;</span><span class="w"></span>
<span class="w">          </span><span class="n">luns</span><span class="o">=[</span><span class="n">stderr</span><span class="o">]</span><span class="p">,</span><span class="w">    </span><span class="o">&amp;</span><span class="w"></span>
<span class="w">          </span><span class="n">command</span><span class="o">=</span><span class="s1">&#39;&#39;</span><span class="p">,</span><span class="w">       </span><span class="o">&amp;</span><span class="w"></span>
<span class="w">          </span><span class="n">brief</span><span class="o">=</span><span class="n">F</span><span class="p">,</span><span class="w">          </span><span class="o">&amp;</span><span class="w"></span>
<span class="w">          </span><span class="k">match</span><span class="o">=</span><span class="s1">&#39;&#39;</span><span class="p">,</span><span class="w">         </span><span class="o">&amp;</span><span class="w"></span>
<span class="w">          </span><span class="n">interactive</span><span class="o">=</span><span class="n">F</span><span class="p">,</span><span class="w">    </span><span class="o">&amp;</span><span class="w"></span>
<span class="w">          </span><span class="n">CMDLINE</span><span class="o">=</span><span class="n">T</span><span class="p">,</span><span class="w">        </span><span class="o">&amp;</span><span class="w"></span>
<span class="w">          </span><span class="n">debug</span><span class="o">=</span><span class="n">F</span><span class="p">)</span><span class="w"></span>

<span class="w">      </span><span class="n">unit_test_level</span><span class="o">=</span><span class="mi">0</span><span class="w"></span>
<span class="w">      </span><span class="err">!</span><span class="w"> </span><span class="n">unit</span><span class="w"> </span><span class="n">tests</span><span class="w"> </span><span class="k">for</span><span class="w"> </span><span class="nf">ABS</span><span class="p">(</span><span class="mi">3</span><span class="n">f</span><span class="p">)</span><span class="w"> </span><span class="n">intrinsic</span><span class="w"></span>
<span class="w">      </span><span class="k">call</span><span class="w"> </span><span class="k">start</span><span class="p">(</span><span class="s1">&#39;abs&#39;</span><span class="p">)</span><span class="w"></span>
<span class="w">      </span><span class="err">!</span><span class="w"> </span><span class="k">integer</span><span class="w"></span>
<span class="w">      </span><span class="k">call</span><span class="w"> </span><span class="n">expected</span><span class="p">(</span><span class="s1">&#39;abs&#39;</span><span class="p">,</span><span class="nf">abs</span><span class="p">(</span><span class="o">-</span><span class="mi">10</span><span class="p">),</span><span class="mi">10</span><span class="p">)</span><span class="w"></span>
<span class="w">      </span><span class="k">call</span><span class="w"> </span><span class="n">expected</span><span class="p">(</span><span class="s1">&#39;abs&#39;</span><span class="p">,</span><span class="nf">abs</span><span class="p">(</span><span class="w"> </span><span class="mi">10</span><span class="p">),</span><span class="mi">10</span><span class="p">)</span><span class="w"></span>
<span class="w">      </span><span class="err">!</span><span class="w"> </span><span class="nc">real</span><span class="w"> </span><span class="ow">and</span><span class="w"> </span><span class="n">elemental</span><span class="w"></span>
<span class="w">      </span><span class="k">call</span><span class="w"> </span><span class="n">expected</span><span class="p">(</span><span class="s1">&#39;abs&#39;</span><span class="p">,</span><span class="nf">abs</span><span class="p">(</span><span class="w"> </span><span class="o">[</span><span class="n">-10.0, 10.0</span><span class="o">]</span><span class="p">),</span><span class="mf">10.0</span><span class="p">)</span><span class="w"></span>
<span class="w">      </span><span class="err">!</span><span class="w"> </span><span class="n">complex</span><span class="w"></span>
<span class="w">      </span><span class="k">call</span><span class="w"> </span><span class="n">expected</span><span class="p">(</span><span class="s1">&#39;abs&#39;</span><span class="p">,</span><span class="nf">abs</span><span class="p">((</span><span class="w"> </span><span class="mf">3.0</span><span class="p">,</span><span class="o">-</span><span class="mf">4.0</span><span class="p">)),</span><span class="mf">5.0</span><span class="p">)</span><span class="w"></span>
<span class="w">      </span><span class="k">call</span><span class="w"> </span><span class="n">expected</span><span class="p">(</span><span class="s1">&#39;abs&#39;</span><span class="p">,</span><span class="nf">abs</span><span class="p">((</span><span class="o">-</span><span class="mf">3.0</span><span class="p">,</span><span class="w"> </span><span class="mf">4.0</span><span class="p">)),</span><span class="mf">5.0</span><span class="p">)</span><span class="w"></span>
<span class="w">      </span><span class="k">call</span><span class="w"> </span><span class="n">expected</span><span class="p">(</span><span class="s1">&#39;abs&#39;</span><span class="p">,</span><span class="nf">abs</span><span class="p">((</span><span class="o">-</span><span class="mf">3.0</span><span class="p">,</span><span class="o">-</span><span class="mf">4.0</span><span class="p">)),</span><span class="mf">5.0</span><span class="p">)</span><span class="w"></span>
<span class="w">      </span><span class="k">call</span><span class="w"> </span><span class="n">expected</span><span class="p">(</span><span class="s1">&#39;abs&#39;</span><span class="p">,</span><span class="nf">abs</span><span class="p">((</span><span class="w"> </span><span class="mf">3.0</span><span class="p">,</span><span class="w"> </span><span class="mf">4.0</span><span class="p">)),</span><span class="mf">5.0</span><span class="p">)</span><span class="w"></span>
<span class="w">      </span><span class="k">call</span><span class="w"> </span><span class="n">stop</span><span class="p">(</span><span class="s1">&#39;abs&#39;</span><span class="p">)</span><span class="w"></span>
<span class="w">   </span><span class="k">end</span><span class="w"> </span><span class="n">program</span><span class="w"> </span><span class="n">demo_unit_test_expected</span><span class="w"></span>
</code></pre></div>

<h2 id="author">AUTHOR</h2>
<div class="codehilite"><pre><span></span><code>John S. Urban
</code></pre></div>

<h2 id="license">LICENSE</h2>
<div class="codehilite"><pre><span></span><code>Public Domain
</code></pre></div>

  <h4>Arguments</h4>
      <table class="table table-striped varlist">
    <thead>
      <tr>
        <th scope="col">Type</th>
<th scope="col">Intent</th><th scope="col">Optional</th>        <th scope="col">Attributes</th>
        <th scope="col"></th>
        <th scope="col">Name</th>
        <th scope="col"></th>
    </thead>
    <tbody>
        <tr>
            <td>
              <span class="anchor" id="variable-name~7"></span>
              character(len=*),
            </td>
<td>intent(in)</td>
              <td></td>            <td>
              
            </td>
            <td>::</td>
            <td><strong>name</strong></td>
            <td>
                
            </td>
        </tr>
        <tr>
            <td>
              <span class="anchor" id="variable-result"></span>
              integer(kind=int32),
            </td>
<td>intent(in)</td>
              <td></td>            <td>
              
            </td>
            <td>::</td>
            <td><strong>result</strong></td>
            <td>
                
            </td>
        </tr>
        <tr>
            <td>
              <span class="anchor" id="variable-expected"></span>
              integer(kind=int32),
            </td>
<td>intent(in)</td>
              <td></td>            <td>
              
            </td>
            <td>::</td>
            <td><strong>expected</strong></td>
            <td>
                
            </td>
        </tr>
    </tbody>
  </table>


    </div>
  </div>

            <div class="card">
    <div class="card-header codesum"><span class="anchor" id="proc-unit_test_expected_int64"></span> <h3>private impure elemental subroutine unit_test_expected_int64(name, result, expected)  
</h3></div>
    <div class="card-body">
        

  <h4>Arguments</h4>
      <table class="table table-striped varlist">
    <thead>
      <tr>
        <th scope="col">Type</th>
<th scope="col">Intent</th><th scope="col">Optional</th>        <th scope="col">Attributes</th>
        <th scope="col"></th>
        <th scope="col">Name</th>
        <th scope="col"></th>
    </thead>
    <tbody>
        <tr>
            <td>
              <span class="anchor" id="variable-name~8"></span>
              character(len=*),
            </td>
<td>intent(in)</td>
              <td></td>            <td>
              
            </td>
            <td>::</td>
            <td><strong>name</strong></td>
            <td>
                
            </td>
        </tr>
        <tr>
            <td>
              <span class="anchor" id="variable-result~2"></span>
              integer(kind=int64),
            </td>
<td>intent(in)</td>
              <td></td>            <td>
              
            </td>
            <td>::</td>
            <td><strong>result</strong></td>
            <td>
                
            </td>
        </tr>
        <tr>
            <td>
              <span class="anchor" id="variable-expected~2"></span>
              integer(kind=int64),
            </td>
<td>intent(in)</td>
              <td></td>            <td>
              
            </td>
            <td>::</td>
            <td><strong>expected</strong></td>
            <td>
                
            </td>
        </tr>
    </tbody>
  </table>


    </div>
  </div>

            <div class="card">
    <div class="card-header codesum"><span class="anchor" id="proc-unit_test_expected_char"></span> <h3>private impure elemental subroutine unit_test_expected_char(name, result, expected)  
</h3></div>
    <div class="card-body">
        

  <h4>Arguments</h4>
      <table class="table table-striped varlist">
    <thead>
      <tr>
        <th scope="col">Type</th>
<th scope="col">Intent</th><th scope="col">Optional</th>        <th scope="col">Attributes</th>
        <th scope="col"></th>
        <th scope="col">Name</th>
        <th scope="col"></th>
    </thead>
    <tbody>
        <tr>
            <td>
              <span class="anchor" id="variable-name~13"></span>
              character(len=*),
            </td>
<td>intent(in)</td>
              <td></td>            <td>
              
            </td>
            <td>::</td>
            <td><strong>name</strong></td>
            <td>
                
            </td>
        </tr>
        <tr>
            <td>
              <span class="anchor" id="variable-result~7"></span>
              character(len=*),
            </td>
<td>intent(in)</td>
              <td></td>            <td>
              
            </td>
            <td>::</td>
            <td><strong>result</strong></td>
            <td>
                
            </td>
        </tr>
        <tr>
            <td>
              <span class="anchor" id="variable-expected~7"></span>
              character(len=*),
            </td>
<td>intent(in)</td>
              <td></td>            <td>
              
            </td>
            <td>::</td>
            <td><strong>expected</strong></td>
            <td>
                
            </td>
        </tr>
    </tbody>
  </table>


    </div>
  </div>

            <div class="card">
    <div class="card-header codesum"><span class="anchor" id="proc-unit_test_expected_boolean"></span> <h3>private impure elemental subroutine unit_test_expected_boolean(name, result, expected)  
</h3></div>
    <div class="card-body">
        

  <h4>Arguments</h4>
      <table class="table table-striped varlist">
    <thead>
      <tr>
        <th scope="col">Type</th>
<th scope="col">Intent</th><th scope="col">Optional</th>        <th scope="col">Attributes</th>
        <th scope="col"></th>
        <th scope="col">Name</th>
        <th scope="col"></th>
    </thead>
    <tbody>
        <tr>
            <td>
              <span class="anchor" id="variable-name~14"></span>
              character(len=*),
            </td>
<td>intent(in)</td>
              <td></td>            <td>
              
            </td>
            <td>::</td>
            <td><strong>name</strong></td>
            <td>
                
            </td>
        </tr>
        <tr>
            <td>
              <span class="anchor" id="variable-result~8"></span>
              logical,
            </td>
<td>intent(in)</td>
              <td></td>            <td>
              
            </td>
            <td>::</td>
            <td><strong>result</strong></td>
            <td>
                
            </td>
        </tr>
        <tr>
            <td>
              <span class="anchor" id="variable-expected~8"></span>
              logical,
            </td>
<td>intent(in)</td>
              <td></td>            <td>
              
            </td>
            <td>::</td>
            <td><strong>expected</strong></td>
            <td>
                
            </td>
        </tr>
    </tbody>
  </table>


    </div>
  </div>

            <div class="card">
    <div class="card-header codesum"><span class="anchor" id="proc-unit_test_expected_onoff"></span> <h3>private impure elemental subroutine unit_test_expected_onoff(name, result)  
</h3></div>
    <div class="card-body">
        

  <h4>Arguments</h4>
      <table class="table table-striped varlist">
    <thead>
      <tr>
        <th scope="col">Type</th>
<th scope="col">Intent</th><th scope="col">Optional</th>        <th scope="col">Attributes</th>
        <th scope="col"></th>
        <th scope="col">Name</th>
        <th scope="col"></th>
    </thead>
    <tbody>
        <tr>
            <td>
              <span class="anchor" id="variable-name~15"></span>
              character(len=*),
            </td>
<td>intent(in)</td>
              <td></td>            <td>
              
            </td>
            <td>::</td>
            <td><strong>name</strong></td>
            <td>
                
            </td>
        </tr>
        <tr>
            <td>
              <span class="anchor" id="variable-result~9"></span>
              logical,
            </td>
<td>intent(in)</td>
              <td></td>            <td>
              
            </td>
            <td>::</td>
            <td><strong>result</strong></td>
            <td>
                
            </td>
        </tr>
    </tbody>
  </table>


    </div>
  </div>

            <div class="card">
    <div class="card-header codesum"><span class="anchor" id="proc-unit_test_expected_real32"></span> <h3>private impure elemental subroutine unit_test_expected_real32(name, result, expected)  
</h3></div>
    <div class="card-body">
        

  <h4>Arguments</h4>
      <table class="table table-striped varlist">
    <thead>
      <tr>
        <th scope="col">Type</th>
<th scope="col">Intent</th><th scope="col">Optional</th>        <th scope="col">Attributes</th>
        <th scope="col"></th>
        <th scope="col">Name</th>
        <th scope="col"></th>
    </thead>
    <tbody>
        <tr>
            <td>
              <span class="anchor" id="variable-name~9"></span>
              character(len=*),
            </td>
<td>intent(in)</td>
              <td></td>            <td>
              
            </td>
            <td>::</td>
            <td><strong>name</strong></td>
            <td>
                
            </td>
        </tr>
        <tr>
            <td>
              <span class="anchor" id="variable-result~3"></span>
              real(kind=real32),
            </td>
<td>intent(in)</td>
              <td></td>            <td>
              
            </td>
            <td>::</td>
            <td><strong>result</strong></td>
            <td>
                
            </td>
        </tr>
        <tr>
            <td>
              <span class="anchor" id="variable-expected~3"></span>
              real(kind=real32),
            </td>
<td>intent(in)</td>
              <td></td>            <td>
              
            </td>
            <td>::</td>
            <td><strong>expected</strong></td>
            <td>
                
            </td>
        </tr>
    </tbody>
  </table>


    </div>
  </div>

            <div class="card">
    <div class="card-header codesum"><span class="anchor" id="proc-unit_test_expected_real64"></span> <h3>private impure elemental subroutine unit_test_expected_real64(name, result, expected)  
</h3></div>
    <div class="card-body">
        

  <h4>Arguments</h4>
      <table class="table table-striped varlist">
    <thead>
      <tr>
        <th scope="col">Type</th>
<th scope="col">Intent</th><th scope="col">Optional</th>        <th scope="col">Attributes</th>
        <th scope="col"></th>
        <th scope="col">Name</th>
        <th scope="col"></th>
    </thead>
    <tbody>
        <tr>
            <td>
              <span class="anchor" id="variable-name~10"></span>
              character(len=*),
            </td>
<td>intent(in)</td>
              <td></td>            <td>
              
            </td>
            <td>::</td>
            <td><strong>name</strong></td>
            <td>
                
            </td>
        </tr>
        <tr>
            <td>
              <span class="anchor" id="variable-result~4"></span>
              real(kind=real64),
            </td>
<td>intent(in)</td>
              <td></td>            <td>
              
            </td>
            <td>::</td>
            <td><strong>result</strong></td>
            <td>
                
            </td>
        </tr>
        <tr>
            <td>
              <span class="anchor" id="variable-expected~4"></span>
              real(kind=real64),
            </td>
<td>intent(in)</td>
              <td></td>            <td>
              
            </td>
            <td>::</td>
            <td><strong>expected</strong></td>
            <td>
                
            </td>
        </tr>
    </tbody>
  </table>


    </div>
  </div>

            <div class="card">
    <div class="card-header codesum"><span class="anchor" id="proc-unit_test_expected_cmplx32"></span> <h3>private impure elemental subroutine unit_test_expected_cmplx32(name, result, expected)  
</h3></div>
    <div class="card-body">
        

  <h4>Arguments</h4>
      <table class="table table-striped varlist">
    <thead>
      <tr>
        <th scope="col">Type</th>
<th scope="col">Intent</th><th scope="col">Optional</th>        <th scope="col">Attributes</th>
        <th scope="col"></th>
        <th scope="col">Name</th>
        <th scope="col"></th>
    </thead>
    <tbody>
        <tr>
            <td>
              <span class="anchor" id="variable-name~11"></span>
              character(len=*),
            </td>
<td>intent(in)</td>
              <td></td>            <td>
              
            </td>
            <td>::</td>
            <td><strong>name</strong></td>
            <td>
                
            </td>
        </tr>
        <tr>
            <td>
              <span class="anchor" id="variable-result~5"></span>
              complex(kind=real32),
            </td>
<td>intent(in)</td>
              <td></td>            <td>
              
            </td>
            <td>::</td>
            <td><strong>result</strong></td>
            <td>
                
            </td>
        </tr>
        <tr>
            <td>
              <span class="anchor" id="variable-expected~5"></span>
              complex(kind=real32),
            </td>
<td>intent(in)</td>
              <td></td>            <td>
              
            </td>
            <td>::</td>
            <td><strong>expected</strong></td>
            <td>
                
            </td>
        </tr>
    </tbody>
  </table>


    </div>
  </div>

            <div class="card">
    <div class="card-header codesum"><span class="anchor" id="proc-unit_test_expected_cmplx64"></span> <h3>private impure elemental subroutine unit_test_expected_cmplx64(name, result, expected)  
</h3></div>
    <div class="card-body">
        

  <h4>Arguments</h4>
      <table class="table table-striped varlist">
    <thead>
      <tr>
        <th scope="col">Type</th>
<th scope="col">Intent</th><th scope="col">Optional</th>        <th scope="col">Attributes</th>
        <th scope="col"></th>
        <th scope="col">Name</th>
        <th scope="col"></th>
    </thead>
    <tbody>
        <tr>
            <td>
              <span class="anchor" id="variable-name~12"></span>
              character(len=*),
            </td>
<td>intent(in)</td>
              <td></td>            <td>
              
            </td>
            <td>::</td>
            <td><strong>name</strong></td>
            <td>
                
            </td>
        </tr>
        <tr>
            <td>
              <span class="anchor" id="variable-result~6"></span>
              complex(kind=real64),
            </td>
<td>intent(in)</td>
              <td></td>            <td>
              
            </td>
            <td>::</td>
            <td><strong>result</strong></td>
            <td>
                
            </td>
        </tr>
        <tr>
            <td>
              <span class="anchor" id="variable-expected~6"></span>
              complex(kind=real64),
            </td>
<td>intent(in)</td>
              <td></td>            <td>
              
            </td>
            <td>::</td>
            <td><strong>expected</strong></td>
            <td>
                
            </td>
        </tr>
    </tbody>
  </table>


    </div>
  </div>

</div>
  </div>
      <hr>
    </div> <!-- /container -->
    <footer>
      <div class="container">
        <div class="row justify-content-between">
          <div class="col">
            <p>
              M_framework
 was developed by John S. Urban<br>              &copy; 2025 
</p>
          </div>
          <div class="col">
            <p class="text-end">
              Documentation generated by
              <a href="https://github.com/Fortran-FOSS-Programmers/ford">FORD</a>
 on 2025-07-11 14:06 +0000             </p>
          </div>
        </div>
        <br>
      </div> <!-- /container -->
    </footer>
  </body>
</html>